📦 Iniciando proceso de limpieza y despliegue...
✅ No hay conflicto con: postgres_productos
✅ No hay conflicto con: productos-service
✅ No hay conflicto con: inventario-service
🧼 Eliminando volúmenes huérfanos...
Total reclaimed space: 0B
🧼 Eliminando imágenes huérfanas...
Total reclaimed space: 0B
🚀 Reconstruyendo y levantando contenedores...
Compose can now delegate builds to bake for better performance.
 To do so, set COMPOSE_BAKE=true.
#0 building with "desktop-linux" instance using docker driver

#1 [productos-service internal] load build definition from Dockerfile
#1 transferring dockerfile: 387B 0.0s done
#1 DONE 0.1s

#2 [inventario-service internal] load build definition from Dockerfile
#2 transferring dockerfile: 398B done
#2 DONE 0.0s

#3 [inventario-service internal] load metadata for docker.io/library/maven:3.9.6-eclipse-temurin-17
#3 ...

#4 [inventario-service internal] load metadata for docker.io/library/eclipse-temurin:17-jre-alpine
#4 DONE 0.7s

#5 [productos-service internal] load metadata for docker.io/library/maven:3.9.4-eclipse-temurin-17
#5 DONE 0.7s

#6 [productos-service internal] load metadata for docker.io/library/eclipse-temurin:17-jdk-alpine
#6 DONE 0.7s

#3 [inventario-service internal] load metadata for docker.io/library/maven:3.9.6-eclipse-temurin-17
#3 DONE 0.7s

#7 [productos-service internal] load .dockerignore
#7 transferring context: 2B done
#7 DONE 0.0s

#8 [productos-service internal] load build context
#8 DONE 0.0s

#9 [inventario-service internal] load .dockerignore
#9 transferring context: 2B done
#9 DONE 0.0s

#10 [inventario-service internal] load build context
#10 DONE 0.0s

#11 [inventario-service builder 1/5] FROM docker.io/library/maven:3.9.6-eclipse-temurin-17@sha256:29a1658b1f3078e07c2b17f7b519b45eb47f65d9628e887eac45a8c5c8f939d4
#11 resolve docker.io/library/maven:3.9.6-eclipse-temurin-17@sha256:29a1658b1f3078e07c2b17f7b519b45eb47f65d9628e887eac45a8c5c8f939d4
#11 resolve docker.io/library/maven:3.9.6-eclipse-temurin-17@sha256:29a1658b1f3078e07c2b17f7b519b45eb47f65d9628e887eac45a8c5c8f939d4 0.3s done
#11 DONE 0.4s

#12 [productos-service stage-1 1/3] FROM docker.io/library/eclipse-temurin:17-jdk-alpine@sha256:ca5c0c9763d21cf1617cb68ef8c17228a202cd0358fa6d7510a1bbdbd49c74da
#12 resolve docker.io/library/eclipse-temurin:17-jdk-alpine@sha256:ca5c0c9763d21cf1617cb68ef8c17228a202cd0358fa6d7510a1bbdbd49c74da 0.3s done
#12 DONE 0.3s

#13 [productos-service builder 1/5] FROM docker.io/library/maven:3.9.4-eclipse-temurin-17@sha256:e3f36fd6d0949541de3b6a32bb3de30331b2bdb6bac8ba365c4f8a5f0fcd3e59
#13 resolve docker.io/library/maven:3.9.4-eclipse-temurin-17@sha256:e3f36fd6d0949541de3b6a32bb3de30331b2bdb6bac8ba365c4f8a5f0fcd3e59 0.3s done
#13 DONE 0.3s

#14 [inventario-service stage-1 1/3] FROM docker.io/library/eclipse-temurin:17-jre-alpine@sha256:b10e4fda9d71b3819a91fbb0dbb28512edbb37a45f6af2a301c780223bb42fb8
#14 resolve docker.io/library/eclipse-temurin:17-jre-alpine@sha256:b10e4fda9d71b3819a91fbb0dbb28512edbb37a45f6af2a301c780223bb42fb8 0.3s done
#14 DONE 0.4s

#8 [productos-service internal] load build context
#8 transferring context: 2.92kB 0.0s done
#8 DONE 0.1s

#10 [inventario-service internal] load build context
#10 transferring context: 3.91kB 0.0s done
#10 DONE 0.0s

#15 [inventario-service stage-1 2/3] WORKDIR /app
#15 CACHED

#16 [inventario-service builder 5/5] RUN mvn clean package -DskipTests
#16 CACHED

#17 [inventario-service builder 4/5] COPY src ./src
#17 CACHED

#18 [inventario-service builder 3/5] COPY pom.xml .
#18 CACHED

#19 [inventario-service builder 2/5] WORKDIR /app
#19 CACHED

#20 [inventario-service stage-1 3/3] COPY --from=builder /app/target/inventario-0.0.1-SNAPSHOT.jar app.jar
#20 CACHED

#21 [productos-service builder 5/5] RUN mvn clean package -DskipTests
#21 CACHED

#22 [productos-service stage-1 2/3] WORKDIR /app
#22 CACHED

#23 [productos-service builder 2/5] WORKDIR /app
#23 CACHED

#24 [productos-service builder 3/5] COPY pom.xml .
#24 CACHED

#25 [productos-service builder 4/5] COPY src ./src
#25 CACHED

#26 [productos-service stage-1 3/3] COPY --from=builder /app/target/productos-0.0.1-SNAPSHOT.jar app.jar
#26 CACHED

#27 [productos-service] exporting to image
#27 exporting layers done
#27 exporting manifest sha256:904069828a37702eef3d129bb738663602406704f8b5a59439abc3e6bb77365d done
#27 exporting config sha256:bddd59b3dd004846b8d43b4683d7736e60d137c3daa6d80742d7d22e44265cb5 done
#27 exporting attestation manifest sha256:6bc553c4bd823b225e69b028a3d1aed61f9acc5ea625c454ca0b460e011446f8 0.1s done
#27 exporting manifest list sha256:d107aeddd776ae88314d10550410aff43aa5030cc20e20e338604d4bbcf91f14 0.1s done
#27 naming to docker.io/library/technical-challenge-productos-service:latest 0.0s done
#27 unpacking to docker.io/library/technical-challenge-productos-service:latest 0.0s done
#27 DONE 0.3s

#28 [inventario-service] exporting to image
#28 exporting layers done
#28 exporting manifest sha256:da11790068d46f6206c2f21beda4caba27569069cf27a6063213b9a90d76ad4b done
#28 exporting config sha256:19091ed65cb9d8e9dfbaf8ddbe3bb799b8990b14fb111ff7bd9899609d997047 done
#28 exporting attestation manifest sha256:ace9c010c636970fe43667a18be8d3cd7151eb08c7179ab434f81e0c78c199fd 0.1s done
#28 exporting manifest list sha256:a2051eb3a758d15b003ffc25d178388763c45d397b53b1c013236faadc972abd 0.1s done
#28 naming to docker.io/library/technical-challenge-inventario-service:latest done
#28 unpacking to docker.io/library/technical-challenge-inventario-service:latest 0.0s done
#28 DONE 0.3s

#29 [productos-service] resolving provenance for metadata file
#29 DONE 0.0s

#30 [inventario-service] resolving provenance for metadata file
#30 DONE 0.0s
Attaching to inventario-service, kafka, postgres_compras, productos-service, zookeeper
inventario-service  | 
inventario-service  |   .   ____          _            __ _ _
inventario-service  |  /\\ / ___'_ __ _ _(_)_ __  __ _ \ \ \ \
inventario-service  | ( ( )\___ | '_ | '_| | '_ \/ _` | \ \ \ \
inventario-service  |  \\/  ___)| |_)| | | | | || (_| |  ) ) ) )
inventario-service  |   '  |____| .__|_| |_|_| |_\__, | / / / /
inventario-service  |  =========|_|==============|___/=/_/_/_/
inventario-service  | 
inventario-service  |  :: Spring Boot ::                (v3.5.0)
inventario-service  | 
productos-service   | 
productos-service   |   .   ____          _            __ _ _
productos-service   |  /\\ / ___'_ __ _ _(_)_ __  __ _ \ \ \ \
productos-service   | ( ( )\___ | '_ | '_| | '_ \/ _` | \ \ \ \
productos-service   |  \\/  ___)| |_)| | | | | || (_| |  ) ) ) )
productos-service   |   '  |____| .__|_| |_|_| |_\__, | / / / /
productos-service   |  =========|_|==============|___/=/_/_/_/
productos-service   | 
productos-service   |  :: Spring Boot ::                (v3.5.0)
productos-service   | 
productos-service   | {"@timestamp":"2025-06-12T19:46:35.360844132Z","level":"INFO","logger":"com.linktic.productos.ProductosApplication","thread":"main","message":"Starting ProductosApplication v0.0.1-SNAPSHOT using Java 17.0.15 with PID 1 (/app/app.jar started by root in /app)"}
productos-service   | {"@timestamp":"2025-06-12T19:46:35.397154895Z","level":"INFO","logger":"com.linktic.productos.ProductosApplication","thread":"main","message":"No active profile set, falling back to 1 default profile: \"default\""}
inventario-service  | {"@timestamp":"2025-06-12T19:46:35.461164276Z","level":"INFO","logger":"com.linktic.inventario.InventarioApplication","thread":"main","message":"Starting InventarioApplication v0.0.1-SNAPSHOT using Java 17.0.15 with PID 1 (/app/app.jar started by root in /app)"}
inventario-service  | {"@timestamp":"2025-06-12T19:46:35.496319742Z","level":"INFO","logger":"com.linktic.inventario.InventarioApplication","thread":"main","message":"No active profile set, falling back to 1 default profile: \"default\""}
productos-service   | {"@timestamp":"2025-06-12T19:46:40.31799555Z","level":"INFO","logger":"org.springframework.data.repository.config.RepositoryConfigurationDelegate","thread":"main","message":"Bootstrapping Spring Data JPA repositories in DEFAULT mode."}
productos-service   | {"@timestamp":"2025-06-12T19:46:40.602903458Z","level":"INFO","logger":"org.springframework.data.repository.config.RepositoryConfigurationDelegate","thread":"main","message":"Finished Spring Data repository scanning in 245 ms. Found 1 JPA repository interface."}
inventario-service  | {"@timestamp":"2025-06-12T19:46:40.624201989Z","level":"INFO","logger":"org.springframework.data.repository.config.RepositoryConfigurationDelegate","thread":"main","message":"Bootstrapping Spring Data JPA repositories in DEFAULT mode."}
inventario-service  | {"@timestamp":"2025-06-12T19:46:40.855627887Z","level":"INFO","logger":"org.springframework.data.repository.config.RepositoryConfigurationDelegate","thread":"main","message":"Finished Spring Data repository scanning in 190 ms. Found 2 JPA repository interfaces."}
productos-service   | {"@timestamp":"2025-06-12T19:46:43.438067695Z","level":"INFO","logger":"org.springframework.boot.web.embedded.tomcat.TomcatWebServer","thread":"main","message":"Tomcat initialized with port 8081 (http)"}
productos-service   | {"@timestamp":"2025-06-12T19:46:43.485075965Z","level":"INFO","logger":"org.apache.catalina.core.StandardService","thread":"main","message":"Starting service [Tomcat]"}
productos-service   | {"@timestamp":"2025-06-12T19:46:43.485482073Z","level":"INFO","logger":"org.apache.catalina.core.StandardEngine","thread":"main","message":"Starting Servlet engine: [Apache Tomcat/10.1.41]"}
productos-service   | {"@timestamp":"2025-06-12T19:46:43.696302154Z","level":"INFO","logger":"org.apache.catalina.core.ContainerBase.[Tomcat].[localhost].[/]","thread":"main","message":"Initializing Spring embedded WebApplicationContext"}
productos-service   | {"@timestamp":"2025-06-12T19:46:43.716887393Z","level":"INFO","logger":"org.springframework.boot.web.servlet.context.ServletWebServerApplicationContext","thread":"main","message":"Root WebApplicationContext: initialization completed in 8090 ms"}
inventario-service  | {"@timestamp":"2025-06-12T19:46:43.916456753Z","level":"INFO","logger":"org.springframework.boot.web.embedded.tomcat.TomcatWebServer","thread":"main","message":"Tomcat initialized with port 8082 (http)"}
inventario-service  | {"@timestamp":"2025-06-12T19:46:44.026824138Z","level":"INFO","logger":"org.apache.catalina.core.StandardService","thread":"main","message":"Starting service [Tomcat]"}
inventario-service  | {"@timestamp":"2025-06-12T19:46:44.027563553Z","level":"INFO","logger":"org.apache.catalina.core.StandardEngine","thread":"main","message":"Starting Servlet engine: [Apache Tomcat/10.1.41]"}
inventario-service  | {"@timestamp":"2025-06-12T19:46:44.327922641Z","level":"INFO","logger":"org.apache.catalina.core.ContainerBase.[Tomcat].[localhost].[/]","thread":"main","message":"Initializing Spring embedded WebApplicationContext"}
inventario-service  | {"@timestamp":"2025-06-12T19:46:44.335452012Z","level":"INFO","logger":"org.springframework.boot.web.servlet.context.ServletWebServerApplicationContext","thread":"main","message":"Root WebApplicationContext: initialization completed in 8661 ms"}
productos-service   | {"@timestamp":"2025-06-12T19:46:45.14673797Z","level":"INFO","logger":"org.hibernate.jpa.internal.util.LogHelper","thread":"main","message":"HHH000204: Processing PersistenceUnitInfo [name: default]"}
productos-service   | {"@timestamp":"2025-06-12T19:46:45.383340169Z","level":"INFO","logger":"org.hibernate.Version","thread":"main","message":"HHH000412: Hibernate ORM core version 6.6.15.Final"}
productos-service   | {"@timestamp":"2025-06-12T19:46:45.54334965Z","level":"INFO","logger":"org.hibernate.cache.internal.RegionFactoryInitiator","thread":"main","message":"HHH000026: Second-level cache disabled"}
inventario-service  | {"@timestamp":"2025-06-12T19:46:45.57666961Z","level":"INFO","logger":"org.hibernate.jpa.internal.util.LogHelper","thread":"main","message":"HHH000204: Processing PersistenceUnitInfo [name: default]"}
inventario-service  | {"@timestamp":"2025-06-12T19:46:45.800111783Z","level":"INFO","logger":"org.hibernate.Version","thread":"main","message":"HHH000412: Hibernate ORM core version 6.6.15.Final"}
inventario-service  | {"@timestamp":"2025-06-12T19:46:45.980145419Z","level":"INFO","logger":"org.hibernate.cache.internal.RegionFactoryInitiator","thread":"main","message":"HHH000026: Second-level cache disabled"}
productos-service   | {"@timestamp":"2025-06-12T19:46:46.662292719Z","level":"INFO","logger":"org.springframework.orm.jpa.persistenceunit.SpringPersistenceUnitInfo","thread":"main","message":"No LoadTimeWeaver setup: ignoring JPA class transformer"}
productos-service   | {"@timestamp":"2025-06-12T19:46:46.780502841Z","level":"INFO","logger":"com.zaxxer.hikari.HikariDataSource","thread":"main","message":"HikariPool-1 - Starting..."}
inventario-service  | {"@timestamp":"2025-06-12T19:46:46.926284295Z","level":"INFO","logger":"org.springframework.orm.jpa.persistenceunit.SpringPersistenceUnitInfo","thread":"main","message":"No LoadTimeWeaver setup: ignoring JPA class transformer"}
inventario-service  | {"@timestamp":"2025-06-12T19:46:47.055738659Z","level":"INFO","logger":"com.zaxxer.hikari.HikariDataSource","thread":"main","message":"HikariPool-1 - Starting..."}
productos-service   | {"@timestamp":"2025-06-12T19:46:47.575122609Z","level":"INFO","logger":"com.zaxxer.hikari.pool.HikariPool","thread":"main","message":"HikariPool-1 - Added connection org.postgresql.jdbc.PgConnection@644e6a8e"}
productos-service   | {"@timestamp":"2025-06-12T19:46:47.59080869Z","level":"INFO","logger":"com.zaxxer.hikari.HikariDataSource","thread":"main","message":"HikariPool-1 - Start completed."}
inventario-service  | {"@timestamp":"2025-06-12T19:46:47.727534863Z","level":"INFO","logger":"com.zaxxer.hikari.pool.HikariPool","thread":"main","message":"HikariPool-1 - Added connection org.postgresql.jdbc.PgConnection@2c6aa46c"}
inventario-service  | {"@timestamp":"2025-06-12T19:46:47.731449812Z","level":"INFO","logger":"com.zaxxer.hikari.HikariDataSource","thread":"main","message":"HikariPool-1 - Start completed."}
productos-service   | {"@timestamp":"2025-06-12T19:46:47.738732562Z","level":"WARN","logger":"org.hibernate.orm.deprecation","thread":"main","message":"HHH90000025: PostgreSQLDialect does not need to be specified explicitly using 'hibernate.dialect' (remove the property setting and it will be selected by default)"}
inventario-service  | {"@timestamp":"2025-06-12T19:46:47.877561223Z","level":"WARN","logger":"org.hibernate.orm.deprecation","thread":"main","message":"HHH90000025: PostgreSQLDialect does not need to be specified explicitly using 'hibernate.dialect' (remove the property setting and it will be selected by default)"}
productos-service   | {"@timestamp":"2025-06-12T19:46:47.880584778Z","level":"INFO","logger":"org.hibernate.orm.connections.pooling","thread":"main","message":"HHH10001005: Database info:\n\tDatabase JDBC URL [Connecting through datasource 'HikariDataSource (HikariPool-1)']\n\tDatabase driver: undefined/unknown\n\tDatabase version: 15.13\n\tAutocommit mode: undefined/unknown\n\tIsolation level: undefined/unknown\n\tMinimum pool size: undefined/unknown\n\tMaximum pool size: undefined/unknown"}
inventario-service  | {"@timestamp":"2025-06-12T19:46:47.955013038Z","level":"INFO","logger":"org.hibernate.orm.connections.pooling","thread":"main","message":"HHH10001005: Database info:\n\tDatabase JDBC URL [Connecting through datasource 'HikariDataSource (HikariPool-1)']\n\tDatabase driver: undefined/unknown\n\tDatabase version: 15.13\n\tAutocommit mode: undefined/unknown\n\tIsolation level: undefined/unknown\n\tMinimum pool size: undefined/unknown\n\tMaximum pool size: undefined/unknown"}
productos-service   | {"@timestamp":"2025-06-12T19:46:50.823495466Z","level":"INFO","logger":"org.hibernate.engine.transaction.jta.platform.internal.JtaPlatformInitiator","thread":"main","message":"HHH000489: No JTA platform available (set 'hibernate.transaction.jta.platform' to enable JTA platform integration)"}
productos-service   | {"@timestamp":"2025-06-12T19:46:51.033564262Z","level":"INFO","logger":"org.springframework.orm.jpa.LocalContainerEntityManagerFactoryBean","thread":"main","message":"Initialized JPA EntityManagerFactory for persistence unit 'default'"}
inventario-service  | {"@timestamp":"2025-06-12T19:46:51.067837676Z","level":"INFO","logger":"org.hibernate.engine.transaction.jta.platform.internal.JtaPlatformInitiator","thread":"main","message":"HHH000489: No JTA platform available (set 'hibernate.transaction.jta.platform' to enable JTA platform integration)"}
inventario-service  | {"@timestamp":"2025-06-12T19:46:51.354806213Z","level":"INFO","logger":"org.springframework.orm.jpa.LocalContainerEntityManagerFactoryBean","thread":"main","message":"Initialized JPA EntityManagerFactory for persistence unit 'default'"}
productos-service   | {"@timestamp":"2025-06-12T19:46:52.431997722Z","level":"WARN","logger":"org.springframework.boot.autoconfigure.orm.jpa.JpaBaseConfiguration$JpaWebConfiguration","thread":"main","message":"spring.jpa.open-in-view is enabled by default. Therefore, database queries may be performed during view rendering. Explicitly configure spring.jpa.open-in-view to disable this warning"}
productos-service   | {"@timestamp":"2025-06-12T19:46:52.627311397Z","level":"INFO","logger":"org.springframework.validation.beanvalidation.OptionalValidatorFactoryBean","thread":"main","message":"Failed to set up a Bean Validation provider: jakarta.validation.NoProviderFoundException: Unable to create a Configuration, because no Jakarta Bean Validation provider could be found. Add a provider like Hibernate Validator (RI) to your classpath."}
inventario-service  | {"@timestamp":"2025-06-12T19:46:53.692927355Z","level":"WARN","logger":"org.springframework.boot.autoconfigure.orm.jpa.JpaBaseConfiguration$JpaWebConfiguration","thread":"main","message":"spring.jpa.open-in-view is enabled by default. Therefore, database queries may be performed during view rendering. Explicitly configure spring.jpa.open-in-view to disable this warning"}
inventario-service  | {"@timestamp":"2025-06-12T19:46:54.041698004Z","level":"INFO","logger":"org.springframework.validation.beanvalidation.OptionalValidatorFactoryBean","thread":"main","message":"Failed to set up a Bean Validation provider: jakarta.validation.NoProviderFoundException: Unable to create a Configuration, because no Jakarta Bean Validation provider could be found. Add a provider like Hibernate Validator (RI) to your classpath."}
productos-service   | {"@timestamp":"2025-06-12T19:46:55.469840674Z","level":"INFO","logger":"org.springframework.boot.actuate.endpoint.web.EndpointLinksResolver","thread":"main","message":"Exposing 2 endpoints beneath base path '/actuator'"}
productos-service   | {"@timestamp":"2025-06-12T19:46:55.888609227Z","level":"INFO","logger":"org.springframework.boot.web.embedded.tomcat.TomcatWebServer","thread":"main","message":"Tomcat started on port 8081 (http) with context path '/'"}
productos-service   | {"@timestamp":"2025-06-12T19:46:55.969079221Z","level":"INFO","logger":"com.linktic.productos.ProductosApplication","thread":"main","message":"Started ProductosApplication in 25.951 seconds (process running for 28.321)"}
inventario-service  | {"@timestamp":"2025-06-12T19:46:56.718317704Z","level":"INFO","logger":"org.springframework.boot.actuate.endpoint.web.EndpointLinksResolver","thread":"main","message":"Exposing 2 endpoints beneath base path '/actuator'"}
inventario-service  | {"@timestamp":"2025-06-12T19:46:57.140554002Z","level":"INFO","logger":"org.springframework.boot.web.embedded.tomcat.TomcatWebServer","thread":"main","message":"Tomcat started on port 8082 (http) with context path '/'"}
inventario-service  | {"@timestamp":"2025-06-12T19:46:57.277960408Z","level":"INFO","logger":"com.linktic.inventario.InventarioApplication","thread":"main","message":"Started InventarioApplication in 27.295 seconds (process running for 29.798)"}
kafka               | [2025-06-12 19:47:57,409] INFO [Controller id=1] Processing automatic preferred replica leader election (kafka.controller.KafkaController)
kafka               | [2025-06-12 19:47:57,412] TRACE [Controller id=1] Checking need to trigger auto leader balancing (kafka.controller.KafkaController)
kafka               | [2025-06-12 19:47:57,419] DEBUG [Controller id=1] Topics not in preferred replica for broker 1 Map() (kafka.controller.KafkaController)
kafka               | [2025-06-12 19:47:57,419] TRACE [Controller id=1] Leader imbalance ratio for broker 1 is 0.0 (kafka.controller.KafkaController)
productos-service   | {"@timestamp":"2025-06-12T19:48:59.764314084Z","level":"INFO","logger":"org.apache.catalina.core.ContainerBase.[Tomcat].[localhost].[/]","thread":"http-nio-8081-exec-1","message":"Initializing Spring DispatcherServlet 'dispatcherServlet'"}
productos-service   | {"@timestamp":"2025-06-12T19:48:59.765687439Z","level":"INFO","logger":"org.springframework.web.servlet.DispatcherServlet","thread":"http-nio-8081-exec-1","message":"Initializing Servlet 'dispatcherServlet'"}
productos-service   | {"@timestamp":"2025-06-12T19:48:59.77099994Z","level":"INFO","logger":"org.springframework.web.servlet.DispatcherServlet","thread":"http-nio-8081-exec-1","message":"Completed initialization in 5 ms"}
productos-service   | {"@timestamp":"2025-06-12T19:49:03.587086955Z","level":"INFO","logger":"com.linktic.productos.service.impl.ProductServiceImpl","thread":"http-nio-8081-exec-3","message":"Consultando todos los Productos..."}
productos-service   | Hibernate: 
productos-service   |     select
productos-service   |         p1_0.id,
productos-service   |         p1_0.description,
productos-service   |         p1_0.name,
productos-service   |         p1_0.price 
productos-service   |     from
productos-service   |         products p1_0
productos-service   | {"@timestamp":"2025-06-12T19:49:21.720719662Z","level":"INFO","logger":"com.linktic.productos.service.impl.ProductServiceImpl","thread":"http-nio-8081-exec-4","message":"Creando Producto..."}
productos-service   | Hibernate: 
productos-service   |     insert 
productos-service   |     into
productos-service   |         products
productos-service   |         (description, name, price) 
productos-service   |     values
productos-service   |         (?, ?, ?)
productos-service   | {"@timestamp":"2025-06-12T19:49:28.371637164Z","level":"INFO","logger":"com.linktic.productos.service.impl.ProductServiceImpl","thread":"http-nio-8081-exec-5","message":"Consultando todos los Productos..."}
productos-service   | Hibernate: 
productos-service   |     select
productos-service   |         p1_0.id,
productos-service   |         p1_0.description,
productos-service   |         p1_0.name,
productos-service   |         p1_0.price 
productos-service   |     from
productos-service   |         products p1_0
productos-service   | {"@timestamp":"2025-06-12T19:49:36.962397215Z","level":"INFO","logger":"com.linktic.productos.service.impl.ProductServiceImpl","thread":"http-nio-8081-exec-6","message":"Consultando Producto por id: 2"}
productos-service   | Hibernate: 
productos-service   |     select
productos-service   |         p1_0.id,
productos-service   |         p1_0.description,
productos-service   |         p1_0.name,
productos-service   |         p1_0.price 
productos-service   |     from
productos-service   |         products p1_0 
productos-service   |     where
productos-service   |         p1_0.id=?
productos-service   | {"@timestamp":"2025-06-12T19:49:36.997043447Z","level":"ERROR","logger":"org.apache.catalina.core.ContainerBase.[Tomcat].[localhost].[/].[dispatcherServlet]","thread":"http-nio-8081-exec-6","message":"Servlet.service() for servlet [dispatcherServlet] in context with path [] threw exception [Request processing failed: java.lang.RuntimeException: Product not found] with root cause","stack_trace":"java.lang.RuntimeException: Product not found\n\tat com.linktic.productos.service.impl.ProductServiceImpl.lambda$getById$0(ProductServiceImpl.java:42)\n\tat java.base/java.util.Optional.orElseThrow(Optional.java:403)\n\tat com.linktic.productos.service.impl.ProductServiceImpl.getById(ProductServiceImpl.java:42)\n\tat com.linktic.productos.controller.ProductController.getById(ProductController.java:34)\n\tat java.base/jdk.internal.reflect.NativeMethodAccessorImpl.invoke0(Native Method)\n\tat java.base/jdk.internal.reflect.NativeMethodAccessorImpl.invoke(NativeMethodAccessorImpl.java:77)\n\tat java.base/jdk.internal.reflect.DelegatingMethodAccessorImpl.invoke(DelegatingMethodAccessorImpl.java:43)\n\tat java.base/java.lang.reflect.Method.invoke(Method.java:569)\n\tat org.springframework.web.method.support.InvocableHandlerMethod.doInvoke(InvocableHandlerMethod.java:258)\n\tat org.springframework.web.method.support.InvocableHandlerMethod.invokeForRequest(InvocableHandlerMethod.java:191)\n\tat org.springframework.web.servlet.mvc.method.annotation.ServletInvocableHandlerMethod.invokeAndHandle(ServletInvocableHandlerMethod.java:118)\n\tat org.springframework.web.servlet.mvc.method.annotation.RequestMappingHandlerAdapter.invokeHandlerMethod(RequestMappingHandlerAdapter.java:986)\n\tat org.springframework.web.servlet.mvc.method.annotation.RequestMappingHandlerAdapter.handleInternal(RequestMappingHandlerAdapter.java:891)\n\tat org.springframework.web.servlet.mvc.method.AbstractHandlerMethodAdapter.handle(AbstractHandlerMethodAdapter.java:87)\n\tat org.springframework.web.servlet.DispatcherServlet.doDispatch(DispatcherServlet.java:1089)\n\tat org.springframework.web.servlet.DispatcherServlet.doService(DispatcherServlet.java:979)\n\tat org.springframework.web.servlet.FrameworkServlet.processRequest(FrameworkServlet.java:1014)\n\tat org.springframework.web.servlet.FrameworkServlet.doGet(FrameworkServlet.java:903)\n\tat jakarta.servlet.http.HttpServlet.service(HttpServlet.java:564)\n\tat org.springframework.web.servlet.FrameworkServlet.service(FrameworkServlet.java:885)\n\tat jakarta.servlet.http.HttpServlet.service(HttpServlet.java:658)\n\tat org.apache.catalina.core.ApplicationFilterChain.internalDoFilter(ApplicationFilterChain.java:195)\n\tat org.apache.catalina.core.ApplicationFilterChain.doFilter(ApplicationFilterChain.java:140)\n\tat org.apache.tomcat.websocket.server.WsFilter.doFilter(WsFilter.java:51)\n\tat org.apache.catalina.core.ApplicationFilterChain.internalDoFilter(ApplicationFilterChain.java:164)\n\tat org.apache.catalina.core.ApplicationFilterChain.doFilter(ApplicationFilterChain.java:140)\n\tat com.linktic.productos.config.ApiKeyFilter.doFilter(ApiKeyFilter.java:46)\n\tat org.apache.catalina.core.ApplicationFilterChain.internalDoFilter(ApplicationFilterChain.java:164)\n\tat org.apache.catalina.core.ApplicationFilterChain.doFilter(ApplicationFilterChain.java:140)\n\tat org.springframework.web.filter.RequestContextFilter.doFilterInternal(RequestContextFilter.java:100)\n\tat org.springframework.web.filter.OncePerRequestFilter.doFilter(OncePerRequestFilter.java:116)\n\tat org.apache.catalina.core.ApplicationFilterChain.internalDoFilter(ApplicationFilterChain.java:164)\n\tat org.apache.catalina.core.ApplicationFilterChain.doFilter(ApplicationFilterChain.java:140)\n\tat org.springframework.web.filter.FormContentFilter.doFilterInternal(FormContentFilter.java:93)\n\tat org.springframework.web.filter.OncePerRequestFilter.doFilter(OncePerRequestFilter.java:116)\n\tat org.apache.catalina.core.ApplicationFilterChain.internalDoFilter(ApplicationFilterChain.java:164)\n\tat org.apache.catalina.core.ApplicationFilterChain.doFilter(ApplicationFilterChain.java:140)\n\tat org.springframework.web.filter.ServerHttpObservationFilter.doFilterInternal(ServerHttpObservationFilter.java:114)\n\tat org.springframework.web.filter.OncePerRequestFilter.doFilter(OncePerRequestFilter.java:116)\n\tat org.apache.catalina.core.ApplicationFilterChain.internalDoFilter(ApplicationFilterChain.java:164)\n\tat org.apache.catalina.core.ApplicationFilterChain.doFilter(ApplicationFilterChain.java:140)\n\tat org.springframework.web.filter.CharacterEncodingFilter.doFilterInternal(CharacterEncodingFilter.java:201)\n\tat org.springframework.web.filter.OncePerRequestFilter.doFilter(OncePerRequestFilter.java:116)\n\tat org.apache.catalina.core.ApplicationFilterChain.internalDoFilter(ApplicationFilterChain.java:164)\n\tat org.apache.catalina.core.ApplicationFilterChain.doFilter(ApplicationFilterChain.java:140)\n\tat org.apache.catalina.core.StandardWrapperValve.invoke(StandardWrapperValve.java:167)\n\tat org.apache.catalina.core.StandardContextValve.invoke(StandardContextValve.java:90)\n\tat org.apache.catalina.authenticator.AuthenticatorBase.invoke(AuthenticatorBase.java:483)\n\tat org.apache.catalina.core.StandardHostValve.invoke(StandardHostValve.java:116)\n\tat org.apache.catalina.valves.ErrorReportValve.invoke(ErrorReportValve.java:93)\n\tat org.apache.catalina.core.StandardEngineValve.invoke(StandardEngineValve.java:74)\n\tat org.apache.catalina.connector.CoyoteAdapter.service(CoyoteAdapter.java:344)\n\tat org.apache.coyote.http11.Http11Processor.service(Http11Processor.java:398)\n\tat org.apache.coyote.AbstractProcessorLight.process(AbstractProcessorLight.java:63)\n\tat org.apache.coyote.AbstractProtocol$ConnectionHandler.process(AbstractProtocol.java:903)\n\tat org.apache.tomcat.util.net.NioEndpoint$SocketProcessor.doRun(NioEndpoint.java:1740)\n\tat org.apache.tomcat.util.net.SocketProcessorBase.run(SocketProcessorBase.java:52)\n\tat org.apache.tomcat.util.threads.ThreadPoolExecutor.runWorker(ThreadPoolExecutor.java:1189)\n\tat org.apache.tomcat.util.threads.ThreadPoolExecutor$Worker.run(ThreadPoolExecutor.java:658)\n\tat org.apache.tomcat.util.threads.TaskThread$WrappingRunnable.run(TaskThread.java:63)\n\tat java.base/java.lang.Thread.run(Thread.java:840)\n"}
inventario-service  | {"@timestamp":"2025-06-12T19:50:59.680168298Z","level":"INFO","logger":"org.apache.catalina.core.ContainerBase.[Tomcat].[localhost].[/]","thread":"http-nio-8082-exec-1","message":"Initializing Spring DispatcherServlet 'dispatcherServlet'"}
inventario-service  | {"@timestamp":"2025-06-12T19:50:59.688386697Z","level":"INFO","logger":"org.springframework.web.servlet.DispatcherServlet","thread":"http-nio-8082-exec-1","message":"Initializing Servlet 'dispatcherServlet'"}
inventario-service  | {"@timestamp":"2025-06-12T19:50:59.711179893Z","level":"INFO","logger":"org.springframework.web.servlet.DispatcherServlet","thread":"http-nio-8082-exec-1","message":"Completed initialization in 22 ms"}
inventario-service  | {"@timestamp":"2025-06-12T19:51:00.161255363Z","level":"INFO","logger":"com.linktic.inventario.service.impl.InventoryServiceImpl","thread":"http-nio-8082-exec-1","message":"Creando inventario..."}
inventario-service  | {"@timestamp":"2025-06-12T19:51:00.463368591Z","level":"ERROR","logger":"com.linktic.inventario.service.impl.InventoryServiceImpl","thread":"http-nio-8082-exec-1","message":"Error al crear inventario"}
inventario-service  | {"@timestamp":"2025-06-12T19:51:00.488209236Z","level":"ERROR","logger":"org.apache.catalina.core.ContainerBase.[Tomcat].[localhost].[/].[dispatcherServlet]","thread":"http-nio-8082-exec-1","message":"Servlet.service() for servlet [dispatcherServlet] in context with path [] threw exception [Request processing failed: java.lang.IllegalArgumentException: Inventory for product already exists.] with root cause","stack_trace":"java.lang.IllegalArgumentException: Inventory for product already exists.\n\tat com.linktic.inventario.service.impl.InventoryServiceImpl.saveStock(InventoryServiceImpl.java:63)\n\tat java.base/jdk.internal.reflect.NativeMethodAccessorImpl.invoke0(Native Method)\n\tat java.base/jdk.internal.reflect.NativeMethodAccessorImpl.invoke(Unknown Source)\n\tat java.base/jdk.internal.reflect.DelegatingMethodAccessorImpl.invoke(Unknown Source)\n\tat java.base/java.lang.reflect.Method.invoke(Unknown Source)\n\tat org.springframework.aop.support.AopUtils.invokeJoinpointUsingReflection(AopUtils.java:359)\n\tat org.springframework.aop.framework.ReflectiveMethodInvocation.invokeJoinpoint(ReflectiveMethodInvocation.java:196)\n\tat org.springframework.aop.framework.ReflectiveMethodInvocation.proceed(ReflectiveMethodInvocation.java:163)\n\tat org.springframework.transaction.interceptor.TransactionAspectSupport.invokeWithinTransaction(TransactionAspectSupport.java:380)\n\tat org.springframework.transaction.interceptor.TransactionInterceptor.invoke(TransactionInterceptor.java:119)\n\tat org.springframework.aop.framework.ReflectiveMethodInvocation.proceed(ReflectiveMethodInvocation.java:184)\n\tat org.springframework.aop.framework.CglibAopProxy$DynamicAdvisedInterceptor.intercept(CglibAopProxy.java:728)\n\tat com.linktic.inventario.service.impl.InventoryServiceImpl$$SpringCGLIB$$0.saveStock(<generated>)\n\tat com.linktic.inventario.controller.InventoryController.saveStock(InventoryController.java:28)\n\tat java.base/jdk.internal.reflect.NativeMethodAccessorImpl.invoke0(Native Method)\n\tat java.base/jdk.internal.reflect.NativeMethodAccessorImpl.invoke(Unknown Source)\n\tat java.base/jdk.internal.reflect.DelegatingMethodAccessorImpl.invoke(Unknown Source)\n\tat java.base/java.lang.reflect.Method.invoke(Unknown Source)\n\tat org.springframework.web.method.support.InvocableHandlerMethod.doInvoke(InvocableHandlerMethod.java:258)\n\tat org.springframework.web.method.support.InvocableHandlerMethod.invokeForRequest(InvocableHandlerMethod.java:191)\n\tat org.springframework.web.servlet.mvc.method.annotation.ServletInvocableHandlerMethod.invokeAndHandle(ServletInvocableHandlerMethod.java:118)\n\tat org.springframework.web.servlet.mvc.method.annotation.RequestMappingHandlerAdapter.invokeHandlerMethod(RequestMappingHandlerAdapter.java:986)\n\tat org.springframework.web.servlet.mvc.method.annotation.RequestMappingHandlerAdapter.handleInternal(RequestMappingHandlerAdapter.java:891)\n\tat org.springframework.web.servlet.mvc.method.AbstractHandlerMethodAdapter.handle(AbstractHandlerMethodAdapter.java:87)\n\tat org.springframework.web.servlet.DispatcherServlet.doDispatch(DispatcherServlet.java:1089)\n\tat org.springframework.web.servlet.DispatcherServlet.doService(DispatcherServlet.java:979)\n\tat org.springframework.web.servlet.FrameworkServlet.processRequest(FrameworkServlet.java:1014)\n\tat org.springframework.web.servlet.FrameworkServlet.doPost(FrameworkServlet.java:914)\n\tat jakarta.servlet.http.HttpServlet.service(HttpServlet.java:590)\n\tat org.springframework.web.servlet.FrameworkServlet.service(FrameworkServlet.java:885)\n\tat jakarta.servlet.http.HttpServlet.service(HttpServlet.java:658)\n\tat org.apache.catalina.core.ApplicationFilterChain.internalDoFilter(ApplicationFilterChain.java:195)\n\tat org.apache.catalina.core.ApplicationFilterChain.doFilter(ApplicationFilterChain.java:140)\n\tat org.apache.tomcat.websocket.server.WsFilter.doFilter(WsFilter.java:51)\n\tat org.apache.catalina.core.ApplicationFilterChain.internalDoFilter(ApplicationFilterChain.java:164)\n\tat org.apache.catalina.core.ApplicationFilterChain.doFilter(ApplicationFilterChain.java:140)\n\tat com.linktic.inventario.config.ApiKeyFilter.doFilter(ApiKeyFilter.java:46)\n\tat org.apache.catalina.core.ApplicationFilterChain.internalDoFilter(ApplicationFilterChain.java:164)\n\tat org.apache.catalina.core.ApplicationFilterChain.doFilter(ApplicationFilterChain.java:140)\n\tat org.springframework.web.filter.RequestContextFilter.doFilterInternal(RequestContextFilter.java:100)\n\tat org.springframework.web.filter.OncePerRequestFilter.doFilter(OncePerRequestFilter.java:116)\n\tat org.apache.catalina.core.ApplicationFilterChain.internalDoFilter(ApplicationFilterChain.java:164)\n\tat org.apache.catalina.core.ApplicationFilterChain.doFilter(ApplicationFilterChain.java:140)\n\tat org.springframework.web.filter.FormContentFilter.doFilterInternal(FormContentFilter.java:93)\n\tat org.springframework.web.filter.OncePerRequestFilter.doFilter(OncePerRequestFilter.java:116)\n\tat org.apache.catalina.core.ApplicationFilterChain.internalDoFilter(ApplicationFilterChain.java:164)\n\tat org.apache.catalina.core.ApplicationFilterChain.doFilter(ApplicationFilterChain.java:140)\n\tat org.springframework.web.filter.ServerHttpObservationFilter.doFilterInternal(ServerHttpObservationFilter.java:114)\n\tat org.springframework.web.filter.OncePerRequestFilter.doFilter(OncePerRequestFilter.java:116)\n\tat org.apache.catalina.core.ApplicationFilterChain.internalDoFilter(ApplicationFilterChain.java:164)\n\tat org.apache.catalina.core.ApplicationFilterChain.doFilter(ApplicationFilterChain.java:140)\n\tat org.springframework.web.filter.CharacterEncodingFilter.doFilterInternal(CharacterEncodingFilter.java:201)\n\tat org.springframework.web.filter.OncePerRequestFilter.doFilter(OncePerRequestFilter.java:116)\n\tat org.apache.catalina.core.ApplicationFilterChain.internalDoFilter(ApplicationFilterChain.java:164)\n\tat org.apache.catalina.core.ApplicationFilterChain.doFilter(ApplicationFilterChain.java:140)\n\tat org.apache.catalina.core.StandardWrapperValve.invoke(StandardWrapperValve.java:167)\n\tat org.apache.catalina.core.StandardContextValve.invoke(StandardContextValve.java:90)\n\tat org.apache.catalina.authenticator.AuthenticatorBase.invoke(AuthenticatorBase.java:483)\n\tat org.apache.catalina.core.StandardHostValve.invoke(StandardHostValve.java:116)\n\tat org.apache.catalina.valves.ErrorReportValve.invoke(ErrorReportValve.java:93)\n\tat org.apache.catalina.core.StandardEngineValve.invoke(StandardEngineValve.java:74)\n\tat org.apache.catalina.connector.CoyoteAdapter.service(CoyoteAdapter.java:344)\n\tat org.apache.coyote.http11.Http11Processor.service(Http11Processor.java:398)\n\tat org.apache.coyote.AbstractProcessorLight.process(AbstractProcessorLight.java:63)\n\tat org.apache.coyote.AbstractProtocol$ConnectionHandler.process(AbstractProtocol.java:903)\n\tat org.apache.tomcat.util.net.NioEndpoint$SocketProcessor.doRun(NioEndpoint.java:1740)\n\tat org.apache.tomcat.util.net.SocketProcessorBase.run(SocketProcessorBase.java:52)\n\tat org.apache.tomcat.util.threads.ThreadPoolExecutor.runWorker(ThreadPoolExecutor.java:1189)\n\tat org.apache.tomcat.util.threads.ThreadPoolExecutor$Worker.run(ThreadPoolExecutor.java:658)\n\tat org.apache.tomcat.util.threads.TaskThread$WrappingRunnable.run(TaskThread.java:63)\n\tat java.base/java.lang.Thread.run(Unknown Source)\n"}
inventario-service  | {"@timestamp":"2025-06-12T19:51:57.591951429Z","level":"INFO","logger":"com.linktic.inventario.service.impl.InventoryServiceImpl","thread":"http-nio-8082-exec-4","message":"Obteniendo inventario..."}
inventario-service  | {"@timestamp":"2025-06-12T19:52:07.211166046Z","level":"INFO","logger":"com.linktic.inventario.service.impl.InventoryServiceImpl","thread":"http-nio-8082-exec-5","message":"Creando compra..."}
inventario-service  | {"@timestamp":"2025-06-12T19:52:07.218375355Z","level":"ERROR","logger":"com.linktic.inventario.service.impl.InventoryServiceImpl","thread":"http-nio-8082-exec-5","message":"Error al comprar producto por falta de stock"}
inventario-service  | {"@timestamp":"2025-06-12T19:52:07.221837786Z","level":"ERROR","logger":"org.apache.catalina.core.ContainerBase.[Tomcat].[localhost].[/].[dispatcherServlet]","thread":"http-nio-8082-exec-5","message":"Servlet.service() for servlet [dispatcherServlet] in context with path [] threw exception [Request processing failed: com.linktic.inventario.exception.BusinessException: Stock insuficiente para producto: 1] with root cause","stack_trace":"com.linktic.inventario.exception.BusinessException: Stock insuficiente para producto: 1\n\tat com.linktic.inventario.service.impl.InventoryServiceImpl.purchaseProduct(InventoryServiceImpl.java:85)\n\tat java.base/jdk.internal.reflect.NativeMethodAccessorImpl.invoke0(Native Method)\n\tat java.base/jdk.internal.reflect.NativeMethodAccessorImpl.invoke(Unknown Source)\n\tat java.base/jdk.internal.reflect.DelegatingMethodAccessorImpl.invoke(Unknown Source)\n\tat java.base/java.lang.reflect.Method.invoke(Unknown Source)\n\tat org.springframework.aop.support.AopUtils.invokeJoinpointUsingReflection(AopUtils.java:359)\n\tat org.springframework.aop.framework.ReflectiveMethodInvocation.invokeJoinpoint(ReflectiveMethodInvocation.java:196)\n\tat org.springframework.aop.framework.ReflectiveMethodInvocation.proceed(ReflectiveMethodInvocation.java:163)\n\tat org.springframework.transaction.interceptor.TransactionAspectSupport.invokeWithinTransaction(TransactionAspectSupport.java:380)\n\tat org.springframework.transaction.interceptor.TransactionInterceptor.invoke(TransactionInterceptor.java:119)\n\tat org.springframework.aop.framework.ReflectiveMethodInvocation.proceed(ReflectiveMethodInvocation.java:184)\n\tat org.springframework.aop.framework.CglibAopProxy$DynamicAdvisedInterceptor.intercept(CglibAopProxy.java:728)\n\tat com.linktic.inventario.service.impl.InventoryServiceImpl$$SpringCGLIB$$0.purchaseProduct(<generated>)\n\tat com.linktic.inventario.controller.InventoryController.purchaseProduct(InventoryController.java:44)\n\tat java.base/jdk.internal.reflect.NativeMethodAccessorImpl.invoke0(Native Method)\n\tat java.base/jdk.internal.reflect.NativeMethodAccessorImpl.invoke(Unknown Source)\n\tat java.base/jdk.internal.reflect.DelegatingMethodAccessorImpl.invoke(Unknown Source)\n\tat java.base/java.lang.reflect.Method.invoke(Unknown Source)\n\tat org.springframework.web.method.support.InvocableHandlerMethod.doInvoke(InvocableHandlerMethod.java:258)\n\tat org.springframework.web.method.support.InvocableHandlerMethod.invokeForRequest(InvocableHandlerMethod.java:191)\n\tat org.springframework.web.servlet.mvc.method.annotation.ServletInvocableHandlerMethod.invokeAndHandle(ServletInvocableHandlerMethod.java:118)\n\tat org.springframework.web.servlet.mvc.method.annotation.RequestMappingHandlerAdapter.invokeHandlerMethod(RequestMappingHandlerAdapter.java:986)\n\tat org.springframework.web.servlet.mvc.method.annotation.RequestMappingHandlerAdapter.handleInternal(RequestMappingHandlerAdapter.java:891)\n\tat org.springframework.web.servlet.mvc.method.AbstractHandlerMethodAdapter.handle(AbstractHandlerMethodAdapter.java:87)\n\tat org.springframework.web.servlet.DispatcherServlet.doDispatch(DispatcherServlet.java:1089)\n\tat org.springframework.web.servlet.DispatcherServlet.doService(DispatcherServlet.java:979)\n\tat org.springframework.web.servlet.FrameworkServlet.processRequest(FrameworkServlet.java:1014)\n\tat org.springframework.web.servlet.FrameworkServlet.doPost(FrameworkServlet.java:914)\n\tat jakarta.servlet.http.HttpServlet.service(HttpServlet.java:590)\n\tat org.springframework.web.servlet.FrameworkServlet.service(FrameworkServlet.java:885)\n\tat jakarta.servlet.http.HttpServlet.service(HttpServlet.java:658)\n\tat org.apache.catalina.core.ApplicationFilterChain.internalDoFilter(ApplicationFilterChain.java:195)\n\tat org.apache.catalina.core.ApplicationFilterChain.doFilter(ApplicationFilterChain.java:140)\n\tat org.apache.tomcat.websocket.server.WsFilter.doFilter(WsFilter.java:51)\n\tat org.apache.catalina.core.ApplicationFilterChain.internalDoFilter(ApplicationFilterChain.java:164)\n\tat org.apache.catalina.core.ApplicationFilterChain.doFilter(ApplicationFilterChain.java:140)\n\tat com.linktic.inventario.config.ApiKeyFilter.doFilter(ApiKeyFilter.java:46)\n\tat org.apache.catalina.core.ApplicationFilterChain.internalDoFilter(ApplicationFilterChain.java:164)\n\tat org.apache.catalina.core.ApplicationFilterChain.doFilter(ApplicationFilterChain.java:140)\n\tat org.springframework.web.filter.RequestContextFilter.doFilterInternal(RequestContextFilter.java:100)\n\tat org.springframework.web.filter.OncePerRequestFilter.doFilter(OncePerRequestFilter.java:116)\n\tat org.apache.catalina.core.ApplicationFilterChain.internalDoFilter(ApplicationFilterChain.java:164)\n\tat org.apache.catalina.core.ApplicationFilterChain.doFilter(ApplicationFilterChain.java:140)\n\tat org.springframework.web.filter.FormContentFilter.doFilterInternal(FormContentFilter.java:93)\n\tat org.springframework.web.filter.OncePerRequestFilter.doFilter(OncePerRequestFilter.java:116)\n\tat org.apache.catalina.core.ApplicationFilterChain.internalDoFilter(ApplicationFilterChain.java:164)\n\tat org.apache.catalina.core.ApplicationFilterChain.doFilter(ApplicationFilterChain.java:140)\n\tat org.springframework.web.filter.ServerHttpObservationFilter.doFilterInternal(ServerHttpObservationFilter.java:114)\n\tat org.springframework.web.filter.OncePerRequestFilter.doFilter(OncePerRequestFilter.java:116)\n\tat org.apache.catalina.core.ApplicationFilterChain.internalDoFilter(ApplicationFilterChain.java:164)\n\tat org.apache.catalina.core.ApplicationFilterChain.doFilter(ApplicationFilterChain.java:140)\n\tat org.springframework.web.filter.CharacterEncodingFilter.doFilterInternal(CharacterEncodingFilter.java:201)\n\tat org.springframework.web.filter.OncePerRequestFilter.doFilter(OncePerRequestFilter.java:116)\n\tat org.apache.catalina.core.ApplicationFilterChain.internalDoFilter(ApplicationFilterChain.java:164)\n\tat org.apache.catalina.core.ApplicationFilterChain.doFilter(ApplicationFilterChain.java:140)\n\tat org.apache.catalina.core.StandardWrapperValve.invoke(StandardWrapperValve.java:167)\n\tat org.apache.catalina.core.StandardContextValve.invoke(StandardContextValve.java:90)\n\tat org.apache.catalina.authenticator.AuthenticatorBase.invoke(AuthenticatorBase.java:483)\n\tat org.apache.catalina.core.StandardHostValve.invoke(StandardHostValve.java:116)\n\tat org.apache.catalina.valves.ErrorReportValve.invoke(ErrorReportValve.java:93)\n\tat org.apache.catalina.core.StandardEngineValve.invoke(StandardEngineValve.java:74)\n\tat org.apache.catalina.connector.CoyoteAdapter.service(CoyoteAdapter.java:344)\n\tat org.apache.coyote.http11.Http11Processor.service(Http11Processor.java:398)\n\tat org.apache.coyote.AbstractProcessorLight.process(AbstractProcessorLight.java:63)\n\tat org.apache.coyote.AbstractProtocol$ConnectionHandler.process(AbstractProtocol.java:903)\n\tat org.apache.tomcat.util.net.NioEndpoint$SocketProcessor.doRun(NioEndpoint.java:1740)\n\tat org.apache.tomcat.util.net.SocketProcessorBase.run(SocketProcessorBase.java:52)\n\tat org.apache.tomcat.util.threads.ThreadPoolExecutor.runWorker(ThreadPoolExecutor.java:1189)\n\tat org.apache.tomcat.util.threads.ThreadPoolExecutor$Worker.run(ThreadPoolExecutor.java:658)\n\tat org.apache.tomcat.util.threads.TaskThread$WrappingRunnable.run(TaskThread.java:63)\n\tat java.base/java.lang.Thread.run(Unknown Source)\n"}
inventario-service  | {"@timestamp":"2025-06-12T19:52:20.178294489Z","level":"INFO","logger":"com.linktic.inventario.service.impl.InventoryServiceImpl","thread":"http-nio-8082-exec-7","message":"Creando compra..."}
inventario-service  | {"@timestamp":"2025-06-12T19:52:20.221255529Z","level":"INFO","logger":"com.linktic.inventario.service.impl.InventoryServiceImpl","thread":"http-nio-8082-exec-7","message":"Guardando historial de compra..."}
inventario-service  | {"@timestamp":"2025-06-12T19:52:20.403478529Z","level":"INFO","logger":"org.apache.kafka.clients.producer.ProducerConfig","thread":"http-nio-8082-exec-7","message":"ProducerConfig values: \n\tacks = -1\n\tauto.include.jmx.reporter = true\n\tbatch.size = 16384\n\tbootstrap.servers = [kafka:9092]\n\tbuffer.memory = 33554432\n\tclient.dns.lookup = use_all_dns_ips\n\tclient.id = inventarios-service-producer-1\n\tcompression.gzip.level = -1\n\tcompression.lz4.level = 9\n\tcompression.type = none\n\tcompression.zstd.level = 3\n\tconnections.max.idle.ms = 540000\n\tdelivery.timeout.ms = 120000\n\tenable.idempotence = true\n\tenable.metrics.push = true\n\tinterceptor.classes = []\n\tkey.serializer = class org.apache.kafka.common.serialization.StringSerializer\n\tlinger.ms = 0\n\tmax.block.ms = 60000\n\tmax.in.flight.requests.per.connection = 5\n\tmax.request.size = 1048576\n\tmetadata.max.age.ms = 300000\n\tmetadata.max.idle.ms = 300000\n\tmetadata.recovery.strategy = none\n\tmetric.reporters = []\n\tmetrics.num.samples = 2\n\tmetrics.recording.level = INFO\n\tmetrics.sample.window.ms = 30000\n\tpartitioner.adaptive.partitioning.enable = true\n\tpartitioner.availability.timeout.ms = 0\n\tpartitioner.class = null\n\tpartitioner.ignore.keys = false\n\treceive.buffer.bytes = 32768\n\treconnect.backoff.max.ms = 1000\n\treconnect.backoff.ms = 50\n\trequest.timeout.ms = 30000\n\tretries = 2147483647\n\tretry.backoff.max.ms = 1000\n\tretry.backoff.ms = 100\n\tsasl.client.callback.handler.class = null\n\tsasl.jaas.config = null\n\tsasl.kerberos.kinit.cmd = /usr/bin/kinit\n\tsasl.kerberos.min.time.before.relogin = 60000\n\tsasl.kerberos.service.name = null\n\tsasl.kerberos.ticket.renew.jitter = 0.05\n\tsasl.kerberos.ticket.renew.window.factor = 0.8\n\tsasl.login.callback.handler.class = null\n\tsasl.login.class = null\n\tsasl.login.connect.timeout.ms = null\n\tsasl.login.read.timeout.ms = null\n\tsasl.login.refresh.buffer.seconds = 300\n\tsasl.login.refresh.min.period.seconds = 60\n\tsasl.login.refresh.window.factor = 0.8\n\tsasl.login.refresh.window.jitter = 0.05\n\tsasl.login.retry.backoff.max.ms = 10000\n\tsasl.login.retry.backoff.ms = 100\n\tsasl.mechanism = GSSAPI\n\tsasl.oauthbearer.clock.skew.seconds = 30\n\tsasl.oauthbearer.expected.audience = null\n\tsasl.oauthbearer.expected.issuer = null\n\tsasl.oauthbearer.header.urlencode = false\n\tsasl.oauthbearer.jwks.endpoint.refresh.ms = 3600000\n\tsasl.oauthbearer.jwks.endpoint.retry.backoff.max.ms = 10000\n\tsasl.oauthbearer.jwks.endpoint.retry.backoff.ms = 100\n\tsasl.oauthbearer.jwks.endpoint.url = null\n\tsasl.oauthbearer.scope.claim.name = scope\n\tsasl.oauthbearer.sub.claim.name = sub\n\tsasl.oauthbearer.token.endpoint.url = null\n\tsecurity.protocol = PLAINTEXT\n\tsecurity.providers = null\n\tsend.buffer.bytes = 131072\n\tsocket.connection.setup.timeout.max.ms = 30000\n\tsocket.connection.setup.timeout.ms = 10000\n\tssl.cipher.suites = null\n\tssl.enabled.protocols = [TLSv1.2, TLSv1.3]\n\tssl.endpoint.identification.algorithm = https\n\tssl.engine.factory.class = null\n\tssl.key.password = null\n\tssl.keymanager.algorithm = SunX509\n\tssl.keystore.certificate.chain = null\n\tssl.keystore.key = null\n\tssl.keystore.location = null\n\tssl.keystore.password = null\n\tssl.keystore.type = JKS\n\tssl.protocol = TLSv1.3\n\tssl.provider = null\n\tssl.secure.random.implementation = null\n\tssl.trustmanager.algorithm = PKIX\n\tssl.truststore.certificates = null\n\tssl.truststore.location = null\n\tssl.truststore.password = null\n\tssl.truststore.type = JKS\n\ttransaction.timeout.ms = 60000\n\ttransactional.id = null\n\tvalue.serializer = class org.apache.kafka.common.serialization.StringSerializer\n"}
inventario-service  | {"@timestamp":"2025-06-12T19:52:20.49518095Z","level":"INFO","logger":"org.apache.kafka.common.telemetry.internals.KafkaMetricsCollector","thread":"http-nio-8082-exec-7","message":"initializing Kafka metrics collector"}
inventario-service  | {"@timestamp":"2025-06-12T19:52:20.552631996Z","level":"INFO","logger":"org.apache.kafka.clients.producer.KafkaProducer","thread":"http-nio-8082-exec-7","message":"[Producer clientId=inventarios-service-producer-1] Instantiated an idempotent producer."}
inventario-service  | {"@timestamp":"2025-06-12T19:52:20.70721394Z","level":"INFO","logger":"org.apache.kafka.common.utils.AppInfoParser","thread":"http-nio-8082-exec-7","message":"Kafka version: 3.9.1"}
inventario-service  | {"@timestamp":"2025-06-12T19:52:20.707561693Z","level":"INFO","logger":"org.apache.kafka.common.utils.AppInfoParser","thread":"http-nio-8082-exec-7","message":"Kafka commitId: f745dfdcee2b9851"}
inventario-service  | {"@timestamp":"2025-06-12T19:52:20.707730575Z","level":"INFO","logger":"org.apache.kafka.common.utils.AppInfoParser","thread":"http-nio-8082-exec-7","message":"Kafka startTimeMs: 1749757940703"}
inventario-service  | {"@timestamp":"2025-06-12T19:52:22.202488433Z","level":"INFO","logger":"org.apache.kafka.clients.Metadata","thread":"kafka-producer-network-thread | inventarios-service-producer-1","message":"[Producer clientId=inventarios-service-producer-1] Cluster ID: 8eAeQuCwQ2Ofmc_RL-JaKg"}
inventario-service  | {"@timestamp":"2025-06-12T19:52:22.22759794Z","level":"INFO","logger":"com.linktic.inventario.kafka.InventoryEventProducer","thread":"http-nio-8082-exec-7","message":"Event published to Kafka: {\"productId\":1,\"newQuantity\":1}"}
kafka               | [2025-06-12 19:52:22,452] DEBUG [Controller id=1] Read current producerId block ProducerIdsBlock(assignedBrokerId=1, firstProducerId=0, size=1000), Zk path version 1 (kafka.controller.KafkaController)
kafka               | [2025-06-12 19:52:22,519] INFO [Controller id=1] Acquired new producerId block ProducerIdsBlock(assignedBrokerId=1, firstProducerId=1000, size=1000) by writing to Zk with path version 2 (kafka.controller.KafkaController)
inventario-service  | {"@timestamp":"2025-06-12T19:52:22.536722768Z","level":"INFO","logger":"org.apache.kafka.clients.producer.internals.TransactionManager","thread":"kafka-producer-network-thread | inventarios-service-producer-1","message":"[Producer clientId=inventarios-service-producer-1] ProducerId set to 1000 with epoch 0"}
inventario-service  | {"@timestamp":"2025-06-12T19:52:54.586238807Z","level":"INFO","logger":"com.linktic.inventario.service.impl.InventoryServiceImpl","thread":"http-nio-8082-exec-8","message":"Obteniendo inventario..."}
kafka               | [2025-06-12 19:52:57,401] INFO [Controller id=1] Processing automatic preferred replica leader election (kafka.controller.KafkaController)
kafka               | [2025-06-12 19:52:57,402] TRACE [Controller id=1] Checking need to trigger auto leader balancing (kafka.controller.KafkaController)
kafka               | [2025-06-12 19:52:57,403] DEBUG [Controller id=1] Topics not in preferred replica for broker 1 Map() (kafka.controller.KafkaController)
kafka               | [2025-06-12 19:52:57,403] TRACE [Controller id=1] Leader imbalance ratio for broker 1 is 0.0 (kafka.controller.KafkaController)
inventario-service  | {"@timestamp":"2025-06-12T19:53:13.811439396Z","level":"INFO","logger":"com.linktic.inventario.service.impl.InventoryServiceImpl","thread":"http-nio-8082-exec-9","message":"Creando compra..."}
inventario-service  | {"@timestamp":"2025-06-12T19:53:13.818910171Z","level":"ERROR","logger":"com.linktic.inventario.service.impl.InventoryServiceImpl","thread":"http-nio-8082-exec-9","message":"Error al comprar producto por falta de stock"}
inventario-service  | {"@timestamp":"2025-06-12T19:53:13.822995901Z","level":"ERROR","logger":"org.apache.catalina.core.ContainerBase.[Tomcat].[localhost].[/].[dispatcherServlet]","thread":"http-nio-8082-exec-9","message":"Servlet.service() for servlet [dispatcherServlet] in context with path [] threw exception [Request processing failed: com.linktic.inventario.exception.BusinessException: Stock insuficiente para producto: 1] with root cause","stack_trace":"com.linktic.inventario.exception.BusinessException: Stock insuficiente para producto: 1\n\tat com.linktic.inventario.service.impl.InventoryServiceImpl.purchaseProduct(InventoryServiceImpl.java:85)\n\tat java.base/jdk.internal.reflect.NativeMethodAccessorImpl.invoke0(Native Method)\n\tat java.base/jdk.internal.reflect.NativeMethodAccessorImpl.invoke(Unknown Source)\n\tat java.base/jdk.internal.reflect.DelegatingMethodAccessorImpl.invoke(Unknown Source)\n\tat java.base/java.lang.reflect.Method.invoke(Unknown Source)\n\tat org.springframework.aop.support.AopUtils.invokeJoinpointUsingReflection(AopUtils.java:359)\n\tat org.springframework.aop.framework.ReflectiveMethodInvocation.invokeJoinpoint(ReflectiveMethodInvocation.java:196)\n\tat org.springframework.aop.framework.ReflectiveMethodInvocation.proceed(ReflectiveMethodInvocation.java:163)\n\tat org.springframework.transaction.interceptor.TransactionAspectSupport.invokeWithinTransaction(TransactionAspectSupport.java:380)\n\tat org.springframework.transaction.interceptor.TransactionInterceptor.invoke(TransactionInterceptor.java:119)\n\tat org.springframework.aop.framework.ReflectiveMethodInvocation.proceed(ReflectiveMethodInvocation.java:184)\n\tat org.springframework.aop.framework.CglibAopProxy$DynamicAdvisedInterceptor.intercept(CglibAopProxy.java:728)\n\tat com.linktic.inventario.service.impl.InventoryServiceImpl$$SpringCGLIB$$0.purchaseProduct(<generated>)\n\tat com.linktic.inventario.controller.InventoryController.purchaseProduct(InventoryController.java:44)\n\tat java.base/jdk.internal.reflect.NativeMethodAccessorImpl.invoke0(Native Method)\n\tat java.base/jdk.internal.reflect.NativeMethodAccessorImpl.invoke(Unknown Source)\n\tat java.base/jdk.internal.reflect.DelegatingMethodAccessorImpl.invoke(Unknown Source)\n\tat java.base/java.lang.reflect.Method.invoke(Unknown Source)\n\tat org.springframework.web.method.support.InvocableHandlerMethod.doInvoke(InvocableHandlerMethod.java:258)\n\tat org.springframework.web.method.support.InvocableHandlerMethod.invokeForRequest(InvocableHandlerMethod.java:191)\n\tat org.springframework.web.servlet.mvc.method.annotation.ServletInvocableHandlerMethod.invokeAndHandle(ServletInvocableHandlerMethod.java:118)\n\tat org.springframework.web.servlet.mvc.method.annotation.RequestMappingHandlerAdapter.invokeHandlerMethod(RequestMappingHandlerAdapter.java:986)\n\tat org.springframework.web.servlet.mvc.method.annotation.RequestMappingHandlerAdapter.handleInternal(RequestMappingHandlerAdapter.java:891)\n\tat org.springframework.web.servlet.mvc.method.AbstractHandlerMethodAdapter.handle(AbstractHandlerMethodAdapter.java:87)\n\tat org.springframework.web.servlet.DispatcherServlet.doDispatch(DispatcherServlet.java:1089)\n\tat org.springframework.web.servlet.DispatcherServlet.doService(DispatcherServlet.java:979)\n\tat org.springframework.web.servlet.FrameworkServlet.processRequest(FrameworkServlet.java:1014)\n\tat org.springframework.web.servlet.FrameworkServlet.doPost(FrameworkServlet.java:914)\n\tat jakarta.servlet.http.HttpServlet.service(HttpServlet.java:590)\n\tat org.springframework.web.servlet.FrameworkServlet.service(FrameworkServlet.java:885)\n\tat jakarta.servlet.http.HttpServlet.service(HttpServlet.java:658)\n\tat org.apache.catalina.core.ApplicationFilterChain.internalDoFilter(ApplicationFilterChain.java:195)\n\tat org.apache.catalina.core.ApplicationFilterChain.doFilter(ApplicationFilterChain.java:140)\n\tat org.apache.tomcat.websocket.server.WsFilter.doFilter(WsFilter.java:51)\n\tat org.apache.catalina.core.ApplicationFilterChain.internalDoFilter(ApplicationFilterChain.java:164)\n\tat org.apache.catalina.core.ApplicationFilterChain.doFilter(ApplicationFilterChain.java:140)\n\tat com.linktic.inventario.config.ApiKeyFilter.doFilter(ApiKeyFilter.java:46)\n\tat org.apache.catalina.core.ApplicationFilterChain.internalDoFilter(ApplicationFilterChain.java:164)\n\tat org.apache.catalina.core.ApplicationFilterChain.doFilter(ApplicationFilterChain.java:140)\n\tat org.springframework.web.filter.RequestContextFilter.doFilterInternal(RequestContextFilter.java:100)\n\tat org.springframework.web.filter.OncePerRequestFilter.doFilter(OncePerRequestFilter.java:116)\n\tat org.apache.catalina.core.ApplicationFilterChain.internalDoFilter(ApplicationFilterChain.java:164)\n\tat org.apache.catalina.core.ApplicationFilterChain.doFilter(ApplicationFilterChain.java:140)\n\tat org.springframework.web.filter.FormContentFilter.doFilterInternal(FormContentFilter.java:93)\n\tat org.springframework.web.filter.OncePerRequestFilter.doFilter(OncePerRequestFilter.java:116)\n\tat org.apache.catalina.core.ApplicationFilterChain.internalDoFilter(ApplicationFilterChain.java:164)\n\tat org.apache.catalina.core.ApplicationFilterChain.doFilter(ApplicationFilterChain.java:140)\n\tat org.springframework.web.filter.ServerHttpObservationFilter.doFilterInternal(ServerHttpObservationFilter.java:114)\n\tat org.springframework.web.filter.OncePerRequestFilter.doFilter(OncePerRequestFilter.java:116)\n\tat org.apache.catalina.core.ApplicationFilterChain.internalDoFilter(ApplicationFilterChain.java:164)\n\tat org.apache.catalina.core.ApplicationFilterChain.doFilter(ApplicationFilterChain.java:140)\n\tat org.springframework.web.filter.CharacterEncodingFilter.doFilterInternal(CharacterEncodingFilter.java:201)\n\tat org.springframework.web.filter.OncePerRequestFilter.doFilter(OncePerRequestFilter.java:116)\n\tat org.apache.catalina.core.ApplicationFilterChain.internalDoFilter(ApplicationFilterChain.java:164)\n\tat org.apache.catalina.core.ApplicationFilterChain.doFilter(ApplicationFilterChain.java:140)\n\tat org.apache.catalina.core.StandardWrapperValve.invoke(StandardWrapperValve.java:167)\n\tat org.apache.catalina.core.StandardContextValve.invoke(StandardContextValve.java:90)\n\tat org.apache.catalina.authenticator.AuthenticatorBase.invoke(AuthenticatorBase.java:483)\n\tat org.apache.catalina.core.StandardHostValve.invoke(StandardHostValve.java:116)\n\tat org.apache.catalina.valves.ErrorReportValve.invoke(ErrorReportValve.java:93)\n\tat org.apache.catalina.core.StandardEngineValve.invoke(StandardEngineValve.java:74)\n\tat org.apache.catalina.connector.CoyoteAdapter.service(CoyoteAdapter.java:344)\n\tat org.apache.coyote.http11.Http11Processor.service(Http11Processor.java:398)\n\tat org.apache.coyote.AbstractProcessorLight.process(AbstractProcessorLight.java:63)\n\tat org.apache.coyote.AbstractProtocol$ConnectionHandler.process(AbstractProtocol.java:903)\n\tat org.apache.tomcat.util.net.NioEndpoint$SocketProcessor.doRun(NioEndpoint.java:1740)\n\tat org.apache.tomcat.util.net.SocketProcessorBase.run(SocketProcessorBase.java:52)\n\tat org.apache.tomcat.util.threads.ThreadPoolExecutor.runWorker(ThreadPoolExecutor.java:1189)\n\tat org.apache.tomcat.util.threads.ThreadPoolExecutor$Worker.run(ThreadPoolExecutor.java:658)\n\tat org.apache.tomcat.util.threads.TaskThread$WrappingRunnable.run(TaskThread.java:63)\n\tat java.base/java.lang.Thread.run(Unknown Source)\n"}
